== Hola Mundo SIN la aplicación levantada: tiene que fallar ==
Test run for /trabajo/tests/WebBlazor.E2E.Base.HolaMundo.E2ETests/bin/Debug/net10.0/WebBlazor.E2E.Base.HolaMundo.E2ETests.dll (.NETCoreApp,Version=v10.0)
A total of 1 test files matched the specified pattern.
  Failed MostrarMensaje [1 s]
  Error Message:
   Microsoft.Playwright.PlaywrightException : net::ERR_CONNECTION_REFUSED at http://localhost:5027/HolaMundo
Call log:
  - navigating to "http://localhost:5027/HolaMundo", waiting until "load"
Data:
  playwright.errorDetails: <null>
  playwright.log: System.String[]
  Stack Trace:
     at Microsoft.Playwright.Transport.Connection.InnerSendMessageToServerAsync[T](ChannelOwner object, String method, Dictionary`2 dictionary, Boolean keepNulls, Nullable`1 timeout) in /_/src/Playwright/Transport/Connection.cs:line 229
   at Microsoft.Playwright.Transport.Connection.WrapApiCallAsync[T](Func`1 action, Boolean isInternal, String title) in /_/src/Playwright/Transport/Connection.cs:line 535
   at Microsoft.Playwright.Core.Frame.GotoAsync(String url, FrameGotoOptions options) in /_/src/Playwright/Core/Frame.cs:line 857
   at WebBlazor.E2E.Base.HolaMundo.E2ETests.HolaMundoE2ETests.Setup() in /trabajo/tests/WebBlazor.E2E.Base.HolaMundo.E2ETests/HolaMundoE2ETests.cs:line 12
   at NUnit.Framework.Internal.TaskAwaitAdapter.GenericAdapter`1.BlockUntilCompleted()
   at NUnit.Framework.Internal.MessagePumpStrategy.NoMessagePumpStrategy.WaitForCompletion(AwaitAdapter awaiter)
   at NUnit.Framework.Internal.AsyncToSyncAdapter.Await[TResult](TestExecutionContext context, Func`1 invoke)
   at NUnit.Framework.Internal.AsyncToSyncAdapter.Await(TestExecutionContext context, Func`1 invoke)
   at NUnit.Framework.Internal.Commands.SetUpTearDownItem.RunSetUpOrTearDownMethod(TestExecutionContext context, IMethodInfo method)
   at NUnit.Framework.Internal.Commands.SetUpTearDownItem.RunSetUp(TestExecutionContext context)
   at NUnit.Framework.Internal.Commands.BeforeAndAfterTestCommand.<>c__DisplayClass1_0.<Execute>b__0()
   at NUnit.Framework.Internal.Commands.DelegatingTestCommand.RunTestMethodInThreadAbortSafeZone(TestExecutionContext context, Action action)


Failed!  - Failed:     1, Passed:     0, Skipped:     0, Total:     1, Duration: 1 s - WebBlazor.E2E.Base.HolaMundo.E2ETests.dll (net10.0)
salida de dotnet test: 1
