== Instalando el SDK de .NET en .dotnet/ (solo la primera vez) ==
dotnet-install: Attempting to download using aka.ms link https://builds.dotnet.microsoft.com/dotnet/Sdk/10.0.401/dotnet-sdk-10.0.401-linux-x64.tar.gz
dotnet-install: Remote file https://builds.dotnet.microsoft.com/dotnet/Sdk/10.0.401/dotnet-sdk-10.0.401-linux-x64.tar.gz size is 240059572 bytes.
dotnet-install: Extracting archive from https://builds.dotnet.microsoft.com/dotnet/Sdk/10.0.401/dotnet-sdk-10.0.401-linux-x64.tar.gz
dotnet-install: Downloaded file size is 240059572 bytes.
dotnet-install: The remote and local file sizes are equal.
dotnet-install: Installed version is 10.0.401
dotnet-install: Binaries of dotnet can be found in /trabajo/.dotnet
dotnet-install: Note that the script does not resolve dependencies during installation.
dotnet-install: To check the list of dependencies, go to https://learn.microsoft.com/dotnet/core/install, select your operating system and check the "Dependencies" section.
dotnet-install: Installation finished successfully.
  Determining projects to restore...
  Restored /trabajo/tests/WebBlazor.E2E.Base.HolaMundo.E2ETests/WebBlazor.E2E.Base.HolaMundo.E2ETests.csproj (in 2.22 sec).
  WebBlazor.E2E.Base.HolaMundo.E2ETests -> /trabajo/tests/WebBlazor.E2E.Base.HolaMundo.E2ETests/bin/Debug/net10.0/WebBlazor.E2E.Base.HolaMundo.E2ETests.dll

Build succeeded.
    0 Warning(s)
    0 Error(s)

Time Elapsed 00:00:07.94
Downloading Chrome for Testing 151.0.7922.34 (playwright chromium v1234) from https://cdn.playwright.dev/builds/cft/151.0.7922.34/linux64/chrome-linux64.zip
|                                                                                |   0% of 184.3 MiB
|■■■■■■■■                                                                        |  10% of 184.3 MiB
|■■■■■■■■■■■■■■■■                                                                |  20% of 184.3 MiB
|■■■■■■■■■■■■■■■■■■■■■■■■                                                        |  30% of 184.3 MiB
|■■■■■■■■■■■■■■■■■■■■■■■■■■■■■■■■                                                |  40% of 184.3 MiB
|■■■■■■■■■■■■■■■■■■■■■■■■■■■■■■■■■■■■■■■■                                        |  50% of 184.3 MiB
|■■■■■■■■■■■■■■■■■■■■■■■■■■■■■■■■■■■■■■■■■■■■■■■■                                |  60% of 184.3 MiB
|■■■■■■■■■■■■■■■■■■■■■■■■■■■■■■■■■■■■■■■■■■■■■■■■■■■■■■■■                        |  70% of 184.3 MiB
|■■■■■■■■■■■■■■■■■■■■■■■■■■■■■■■■■■■■■■■■■■■■■■■■■■■■■■■■■■■■■■■■                |  80% of 184.3 MiB
|■■■■■■■■■■■■■■■■■■■■■■■■■■■■■■■■■■■■■■■■■■■■■■■■■■■■■■■■■■■■■■■■■■■■■■■■        |  90% of 184.3 MiB
|■■■■■■■■■■■■■■■■■■■■■■■■■■■■■■■■■■■■■■■■■■■■■■■■■■■■■■■■■■■■■■■■■■■■■■■■■■■■■■■■| 100% of 184.3 MiB
Chrome for Testing 151.0.7922.34 (playwright chromium v1234) downloaded to /trabajo/.navegadores/chromium-1234
Downloading FFmpeg (playwright ffmpeg v1011) from https://cdn.playwright.dev/dbazure/download/playwright/builds/ffmpeg/1011/ffmpeg-linux.zip
|                                                                                |   0% of 2.3 MiB
|■■■■■■■■                                                                        |  10% of 2.3 MiB
|■■■■■■■■■■■■■■■■                                                                |  20% of 2.3 MiB
|■■■■■■■■■■■■■■■■■■■■■■■■                                                        |  30% of 2.3 MiB
|■■■■■■■■■■■■■■■■■■■■■■■■■■■■■■■■                                                |  40% of 2.3 MiB
|■■■■■■■■■■■■■■■■■■■■■■■■■■■■■■■■■■■■■■■■                                        |  50% of 2.3 MiB
|■■■■■■■■■■■■■■■■■■■■■■■■■■■■■■■■■■■■■■■■■■■■■■■■                                |  60% of 2.3 MiB
|■■■■■■■■■■■■■■■■■■■■■■■■■■■■■■■■■■■■■■■■■■■■■■■■■■■■■■■■                        |  70% of 2.3 MiB
|■■■■■■■■■■■■■■■■■■■■■■■■■■■■■■■■■■■■■■■■■■■■■■■■■■■■■■■■■■■■■■■■                |  80% of 2.3 MiB
|■■■■■■■■■■■■■■■■■■■■■■■■■■■■■■■■■■■■■■■■■■■■■■■■■■■■■■■■■■■■■■■■■■■■■■■■        |  90% of 2.3 MiB
|■■■■■■■■■■■■■■■■■■■■■■■■■■■■■■■■■■■■■■■■■■■■■■■■■■■■■■■■■■■■■■■■■■■■■■■■■■■■■■■■| 100% of 2.3 MiB
FFmpeg (playwright ffmpeg v1011) downloaded to /trabajo/.navegadores/ffmpeg-1011
Downloading Chrome Headless Shell 151.0.7922.34 (playwright chromium-headless-shell v1234) from https://cdn.playwright.dev/builds/cft/151.0.7922.34/linux64/chrome-headless-shell-linux64.zip
|                                                                                |   0% of 114.7 MiB
|■■■■■■■■                                                                        |  10% of 114.7 MiB
|■■■■■■■■■■■■■■■■                                                                |  20% of 114.7 MiB
|■■■■■■■■■■■■■■■■■■■■■■■■                                                        |  30% of 114.7 MiB
|■■■■■■■■■■■■■■■■■■■■■■■■■■■■■■■■                                                |  40% of 114.7 MiB
|■■■■■■■■■■■■■■■■■■■■■■■■■■■■■■■■■■■■■■■■                                        |  50% of 114.7 MiB
|■■■■■■■■■■■■■■■■■■■■■■■■■■■■■■■■■■■■■■■■■■■■■■■■                                |  60% of 114.7 MiB
|■■■■■■■■■■■■■■■■■■■■■■■■■■■■■■■■■■■■■■■■■■■■■■■■■■■■■■■■                        |  70% of 114.7 MiB
|■■■■■■■■■■■■■■■■■■■■■■■■■■■■■■■■■■■■■■■■■■■■■■■■■■■■■■■■■■■■■■■■                |  80% of 114.7 MiB
|■■■■■■■■■■■■■■■■■■■■■■■■■■■■■■■■■■■■■■■■■■■■■■■■■■■■■■■■■■■■■■■■■■■■■■■■        |  90% of 114.7 MiB
|■■■■■■■■■■■■■■■■■■■■■■■■■■■■■■■■■■■■■■■■■■■■■■■■■■■■■■■■■■■■■■■■■■■■■■■■■■■■■■■■| 100% of 114.7 MiB
Chrome Headless Shell 151.0.7922.34 (playwright chromium-headless-shell v1234) downloaded to /trabajo/.navegadores/chromium_headless_shell-1234
  Determining projects to restore...
  Restored /trabajo/src/WebBlazor.E2E.Base.HolaMundo/WebBlazor.E2E.Base.HolaMundo.csproj (in 2.3 sec).
  WebBlazor.E2E.Base.HolaMundo -> /trabajo/src/WebBlazor.E2E.Base.HolaMundo/bin/Debug/net10.0/WebBlazor.E2E.Base.HolaMundo.dll

Build succeeded.
    0 Warning(s)
    0 Error(s)

Time Elapsed 00:00:06.93
== Levantando src/WebBlazor.E2E.Base.HolaMundo en http://localhost:5027 ==
== Corrida 1 de 3 ==
Test run for /trabajo/tests/WebBlazor.E2E.Base.HolaMundo.E2ETests/bin/Debug/net10.0/WebBlazor.E2E.Base.HolaMundo.E2ETests.dll (.NETCoreApp,Version=v10.0)
A total of 1 test files matched the specified pattern.

Passed!  - Failed:     0, Passed:     1, Skipped:     0, Total:     1, Duration: 1 s - WebBlazor.E2E.Base.HolaMundo.E2ETests.dll (net10.0)
== Corrida 2 de 3 ==
Test run for /trabajo/tests/WebBlazor.E2E.Base.HolaMundo.E2ETests/bin/Debug/net10.0/WebBlazor.E2E.Base.HolaMundo.E2ETests.dll (.NETCoreApp,Version=v10.0)
A total of 1 test files matched the specified pattern.

Passed!  - Failed:     0, Passed:     1, Skipped:     0, Total:     1, Duration: 902 ms - WebBlazor.E2E.Base.HolaMundo.E2ETests.dll (net10.0)
== Corrida 3 de 3 ==
Test run for /trabajo/tests/WebBlazor.E2E.Base.HolaMundo.E2ETests/bin/Debug/net10.0/WebBlazor.E2E.Base.HolaMundo.E2ETests.dll (.NETCoreApp,Version=v10.0)
A total of 1 test files matched the specified pattern.

Passed!  - Failed:     0, Passed:     1, Skipped:     0, Total:     1, Duration: 892 ms - WebBlazor.E2E.Base.HolaMundo.E2ETests.dll (net10.0)
== Resumen: 0 de 3 corridas en rojo ==
salida: 0
