  Determining projects to restore...
  Restored /trabajo/tests/WebBlazor.E2E.Base.Login.E2ETests/WebBlazor.E2E.Base.Login.E2ETests.csproj (in 1.99 sec).
  WebBlazor.E2E.Base.Login.E2ETests -> /trabajo/tests/WebBlazor.E2E.Base.Login.E2ETests/bin/Debug/net10.0/WebBlazor.E2E.Base.Login.E2ETests.dll

Build succeeded.
    0 Warning(s)
    0 Error(s)

Time Elapsed 00:00:06.88
  Determining projects to restore...
  Restored /trabajo/src/WebBlazor.E2E.Base.Login/WebBlazor.E2E.Base.Login.csproj (in 489 ms).
  WebBlazor.E2E.Base.Login -> /trabajo/src/WebBlazor.E2E.Base.Login/bin/Debug/net10.0/WebBlazor.E2E.Base.Login.dll

Build succeeded.
    0 Warning(s)
    0 Error(s)

Time Elapsed 00:00:06.72
== Levantando src/WebBlazor.E2E.Base.Login en http://localhost:5181 ==
== Corrida 1 de 3 ==
Test run for /trabajo/tests/WebBlazor.E2E.Base.Login.E2ETests/bin/Debug/net10.0/WebBlazor.E2E.Base.Login.E2ETests.dll (.NETCoreApp,Version=v10.0)
A total of 1 test files matched the specified pattern.

Passed!  - Failed:     0, Passed:    10, Skipped:     0, Total:    10, Duration: 6 s - WebBlazor.E2E.Base.Login.E2ETests.dll (net10.0)
== Corrida 2 de 3 ==
Test run for /trabajo/tests/WebBlazor.E2E.Base.Login.E2ETests/bin/Debug/net10.0/WebBlazor.E2E.Base.Login.E2ETests.dll (.NETCoreApp,Version=v10.0)
A total of 1 test files matched the specified pattern.

Passed!  - Failed:     0, Passed:    10, Skipped:     0, Total:    10, Duration: 5 s - WebBlazor.E2E.Base.Login.E2ETests.dll (net10.0)
== Corrida 3 de 3 ==
Test run for /trabajo/tests/WebBlazor.E2E.Base.Login.E2ETests/bin/Debug/net10.0/WebBlazor.E2E.Base.Login.E2ETests.dll (.NETCoreApp,Version=v10.0)
A total of 1 test files matched the specified pattern.

Passed!  - Failed:     0, Passed:    10, Skipped:     0, Total:    10, Duration: 2 s - WebBlazor.E2E.Base.Login.E2ETests.dll (net10.0)
== Resumen: 0 de 3 corridas en rojo ==
salida: 0
